HI-TECH Software C Compiler 

Linker command line:

--edf=C:\Program Files (x86)\HI-TECH Software\PICC\9.83\dat\en_msgs.txt -cs \
  -h+Simple LCD.sym -z -Q16F877 -ol.obj -MSimple LCD.map -E1 \
  -ACONST=00h-0FFhx32 -ACODE=00h-07FFhx4 -ASTRCODE=00h-01FFFh \
  -AENTRY=00h-0FFhx32 -ASTRING=00h-0FFhx32 -ABANK0=020h-06Fh \
  -ABANK1=0A0h-0EFh -ABANK2=0110h-016Fh -ABANK3=0190h-01EFh \
  -ARAM=020h-06Fh,0A0h-0EFh,0110h-016Fh,0190h-01EFh \
  -AABS1=020h-07Fh,0A0h-0EFh,0110h-016Fh,0190h-01EFh -ACOMMON=070h-07Fh \
  -ASFR0=00h-01Fh -ASFR1=080h-09Fh -ASFR2=0100h-010Fh -ASFR3=0180h-018Fh \
  -preset_vec=00h,intentry,init,end_init -ppowerup=CODE -pfunctab=CODE \
  -ACONFIG=02007h-02007h -pconfig=CONFIG -DCONFIG=2 -AIDLOC=02000h-02003h \
  -pidloc=IDLOC -DIDLOC=2 -AEEDATA=00h-0FFh/02100h -peeprom_data=EEDATA \
  -DEEDATA=2 -DCODE=2 -DSTRCODE=2 -DSTRING=2 -DCONST=2 -DENTRY=2 -k \
  startup.obj Simple LCD.obj 

Object code version is 3.10

Machine type is 16F877



                Name                               Link     Load   Length Selector   Space Scale
startup.obj     end_init                              0        0        3        0       0
Simple LCD.obj  text290                             3C7      3C7        9      78E       0
                text289                             4A8      4A8       89      950       0
                text288                             3FE      3FE       1B      7FC       0
                text287                             419      419       28      832       0
                text286                             3D0      3D0       15      7A0       0
                text285                             3E5      3E5       19      7CA       0
                text284                             470      470       38      8E0       0
                text283                             441      441       2F      882       0
                text282                             604      604       F7      C08       0
                text281                             6FB      6FB      105      DF6       0
                maintext                            531      531       D3      A62       0
                cstackCOMMON                         70       70        E       70       1
                bssBANK0                             20       20        2       20       1
                cinit                               3C1      3C1        6      782       0

TOTAL           Name                               Link     Load   Length     Space
        CLASS   CONST          

        CLASS   CODE           
                end_init                              0        0        3         0
                text290                             3C7      3C7        9         0
                text289                             4A8      4A8       89         0
                text288                             3FE      3FE       1B         0
                text287                             419      419       28         0
                text286                             3D0      3D0       15         0
                text285                             3E5      3E5       19         0
                text284                             470      470       38         0
                text283                             441      441       2F         0
                text282                             604      604       F7         0
                text281                             6FB      6FB      105         0
                maintext                            531      531       D3         0
                cinit                               3C1      3C1        6         0

        CLASS   STRCODE        

        CLASS   ENTRY          

        CLASS   STRING         

        CLASS   BANK0          
                bssBANK0                             20       20        2         1

        CLASS   BANK1          

        CLASS   BANK2          

        CLASS   BANK3          

        CLASS   RAM            

        CLASS   ABS1           
                abs_s1                               7E       7E        2         1

        CLASS   COMMON         
                cstackCOMMON                         70       70        E         1

        CLASS   SFR0           

        CLASS   SFR1           

        CLASS   SFR2           

        CLASS   SFR3           

        CLASS   CONFIG         

        CLASS   IDLOC          

        CLASS   EEDATA         



SEGMENTS        Name                           Load    Length   Top    Selector   Space  Class     Delta

                reset_vec                      000000  000003  000003         0       0  CODE        2
                bssBANK0                       000020  000002  000022        20       1  BANK0       1
                cstackCOMMON                   000070  00000E  00007E        70       1  COMMON      1
                cinit                          0003C1  000006  0003C7       782       0  CODE        2
                text290                        0003C7  000009  0003D0       78E       0  CODE        2
                text286                        0003D0  000015  0003E5       7A0       0  CODE        2
                text285                        0003E5  000019  0003FE       7CA       0  CODE        2
                text288                        0003FE  00001B  000419       7FC       0  CODE        2
                text287                        000419  000028  000441       832       0  CODE        2
                text283                        000441  00002F  000470       882       0  CODE        2
                text284                        000470  000038  0004A8       8E0       0  CODE        2
                text289                        0004A8  000089  000531       950       0  CODE        2
                maintext                       000531  0000D3  000604       A62       0  CODE        2
                text282                        000604  0000F7  0006FB       C08       0  CODE        2
                text281                        0006FB  000105  000800       DF6       0  CODE        2


UNUSED ADDRESS RANGES

        Name                Unused          Largest block    Delta
        BANK0            0022-006F             4E           1
        BANK1            00A0-00EF             50           1
        BANK2            0110-016F             60           1
        BANK3            0190-01EF             60           1
        CODE             0003-03C0            3BE           2
                         0800-1FFF            800
        CONFIG           2007-2007              1           2
        CONST            0003-03C0            100           2
                         0800-1FFF            100
        EEDATA           2100-21FF            100           2
        ENTRY            0003-03C0            100           2
                         0800-1FFF            100
        IDLOC            2000-2003              4           2
        RAM              0022-006F             4E           1
                         00A0-00EF             50
                         0110-016F             60
                         0190-01EF             60
        SFR0             0000-001F             20           1
        SFR1             0080-009F             20           1
        SFR2             0100-010F             10           1
        SFR3             0180-018F             10           1
        STRCODE          0003-03C0            3BE           2
                         0800-1FFF           1800
        STRING           0003-03C0            100           2
                         0800-1FFF            100

                                  Symbol Table

??_ADC_Init                   cstackCOMMON 0070
??_ADC_Read                   cstackCOMMON 0072
??_Clear_display              cstackCOMMON 0070
??_Init_lcd                   cstackCOMMON 0072
??_Sound                      cstackCOMMON 0070
??_Thermal_Init               cstackCOMMON 0070
??_Write_data                 cstackCOMMON 0071
??_Write_data_struct          cstackCOMMON 0070
??_Write_digits               cstackCOMMON 0076
??_Write_voltage              cstackCOMMON 0079
??_main                       cstackCOMMON 007A
?_ADC_Init                    cstackCOMMON 0070
?_ADC_Read                    cstackCOMMON 0070
?_Clear_display               cstackCOMMON 0070
?_Init_lcd                    cstackCOMMON 0070
?_Sound                       cstackCOMMON 0070
?_Thermal_Init                cstackCOMMON 0070
?_Write_data                  cstackCOMMON 0070
?_Write_data_struct           cstackCOMMON 0070
?_Write_digits                cstackCOMMON 0074
?_Write_voltage               cstackCOMMON 0077
?_main                        cstackCOMMON 0070
ADC_Read@channel              cstackCOMMON 0074
Sound@i                       cstackCOMMON 0072
Write_data@hb                 cstackCOMMON 0073
Write_data@lb                 cstackCOMMON 0070
Write_data_struct@chardata    cstackCOMMON 0072
Write_digits@adc_measurement  cstackCOMMON 0074
Write_voltage@adc_measurement cstackCOMMON 0077
_ADCON0                       (abs)        001F
_ADCON1                       (abs)        009F
_ADC_Init                     text290      03C7
_ADC_Read                     text284      0470
_ADRESH                       (abs)        001E
_ADRESL                       (abs)        009E
_CARRY                        (abs)        0018
_Clear_display                text286      03D0
_EEADR                        (abs)        010D
_EECON1                       (abs)        018C
_EECON2                       (abs)        018D
_EEDATA                       (abs)        010C
_GIE                          (abs)        005F
_GO_nDONE                     (abs)        00FA
_Init_lcd                     text283      0441
_PORTA                        (abs)        0005
_PORTB                        (abs)        0006
_PORTC                        (abs)        0007
_PORTD                        (abs)        0008
_RA4                          (abs)        002C
_RB0                          (abs)        0030
_RC2                          (abs)        003A
_RD                           (abs)        0C60
_Sound                        text287      0419
_TRISA                        (abs)        0085
_TRISB                        (abs)        0086
_TRISC                        (abs)        0087
_TRISD                        (abs)        0088
_Thermal_Init                 text289      04A8
_WR                           (abs)        0C61
_WREN                         (abs)        0C62
_Write_data                   text285      03E5
_Write_data_struct            text288      03FE
_Write_digits                 text282      0604
_Write_voltage                text281      06FB
__Habs1                       abs1         0000
__Hbank0                      bank0        0000
__Hbank1                      bank1        0000
__Hbank2                      bank2        0000
__Hbank3                      bank3        0000
__HbssBANK0                   bssBANK0     0000
__Hcinit                      cinit        0000
__Hclrtext                    clrtext      0000
__Hcode                       code         0000
__Hcommon                     common       0000
__Hconfig                     config       0000
__HcstackCOMMON               cstackCOMMON 0000
__Heeprom_data                eeprom_data  0000
__Hend_init                   end_init     0003
__Hfunctab                    functab      0000
__Hidloc                      idloc        0000
__Hinit                       init         0000
__Hintentry                   intentry     0000
__Hmaintext                   maintext     0000
__Hpowerup                    powerup      0000
__Hram                        ram          0000
__Hreset_vec                  reset_vec    0000
__Hsfr0                       sfr0         0000
__Hsfr1                       sfr1         0000
__Hsfr2                       sfr2         0000
__Hsfr3                       sfr3         0000
__Hstrings                    strings      0000
__Htext                       text         0000
__Labs1                       abs1         0000
__Lbank0                      bank0        0000
__Lbank1                      bank1        0000
__Lbank2                      bank2        0000
__Lbank3                      bank3        0000
__LbssBANK0                   bssBANK0     0000
__Lcinit                      cinit        0000
__Lclrtext                    clrtext      0000
__Lcode                       code         0000
__Lcommon                     common       0000
__Lconfig                     config       0000
__LcstackCOMMON               cstackCOMMON 0000
__Leeprom_data                eeprom_data  0000
__Lend_init                   end_init     0000
__Lfunctab                    functab      0000
__Lidloc                      idloc        0000
__Linit                       init         0000
__Lintentry                   intentry     0000
__Lmaintext                   maintext     0000
__Lpowerup                    powerup      0000
__Lram                        ram          0000
__Lreset_vec                  reset_vec    0000
__Lsfr0                       sfr0         0000
__Lsfr1                       sfr1         0000
__Lsfr2                       sfr2         0000
__Lsfr3                       sfr3         0000
__Lstrings                    strings      0000
__Ltext                       text         0000
__S0                          (abs)        0800
__S1                          (abs)        007E
__S2                          (abs)        0000
__end_of_ADC_Init             text290      03D0
__end_of_ADC_Read             text284      04A8
__end_of_Clear_display        text286      03E5
__end_of_Init_lcd             text283      0470
__end_of_Sound                text287      0441
__end_of_Thermal_Init         text289      0531
__end_of_Write_data           text285      03FE
__end_of_Write_data_struct    text288      0419
__end_of_Write_digits         text282      06FB
__end_of_Write_voltage        text281      0800
__end_of_main                 maintext     0604
__pbssBANK0                   bssBANK0     0020
__pcstackCOMMON               cstackCOMMON 0070
__pmaintext                   maintext     0531
__ptext280                    text280      0000
__ptext281                    text281      06FB
__ptext282                    text282      0604
__ptext283                    text283      0441
__ptext284                    text284      0470
__ptext285                    text285      03E5
__ptext286                    text286      03D0
__ptext287                    text287      0419
__ptext288                    text288      03FE
__ptext289                    text289      04A8
__ptext290                    text290      03C7
__ptext291                    text291      0000
__size_of_ADC_Init            (abs)        0000
__size_of_ADC_Read            (abs)        0000
__size_of_Clear_display       (abs)        0000
__size_of_Init_lcd            (abs)        0000
__size_of_Sound               (abs)        0000
__size_of_Thermal_Init        (abs)        0000
__size_of_Write_data          (abs)        0000
__size_of_Write_data_struct   (abs)        0000
__size_of_Write_digits        (abs)        0000
__size_of_Write_voltage       (abs)        0000
__size_of_main                (abs)        0000
_a                            bssBANK0     0020
_exit                         init         0000
_main                         maintext     0531
btemp                         (abs)        007E
end_of_initialization         cinit        03C3
intlevel0                     functab      0000
intlevel1                     functab      0000
intlevel2                     functab      0000
intlevel3                     functab      0000
intlevel4                     functab      0000
intlevel5                     functab      0000
main@charWritten              cstackCOMMON 007C
main@char_c                   cstackCOMMON 007B
reset_vec                     reset_vec    0000
start                         init         0000
start_initialization          cinit        03C1
wtemp0                        (abs)        007E
