HI-TECH Software C Compiler 

Linker command line:

--edf=C:\Program Files (x86)\HI-TECH Software\PICC\9.83\dat\en_msgs.txt -cs \
  -h+Simple LCD.sym -z -Q16F877 -ol.obj -MSimple LCD.map -E1 \
  -ACONST=00h-0FFhx32 -ACODE=00h-07FFhx4 -ASTRCODE=00h-01FFFh \
  -AENTRY=00h-0FFhx32 -ASTRING=00h-0FFhx32 -ABANK0=020h-06Fh \
  -ABANK1=0A0h-0EFh -ABANK2=0110h-016Fh -ABANK3=0190h-01EFh \
  -ARAM=020h-06Fh,0A0h-0EFh,0110h-016Fh,0190h-01EFh \
  -AABS1=020h-07Fh,0A0h-0EFh,0110h-016Fh,0190h-01EFh -ACOMMON=070h-07Fh \
  -ASFR0=00h-01Fh -ASFR1=080h-09Fh -ASFR2=0100h-010Fh -ASFR3=0180h-018Fh \
  -preset_vec=00h,intentry,init,end_init -ppowerup=CODE -pfunctab=CODE \
  -ACONFIG=02007h-02007h -pconfig=CONFIG -DCONFIG=2 -AIDLOC=02000h-02003h \
  -pidloc=IDLOC -DIDLOC=2 -AEEDATA=00h-0FFh/02100h -peeprom_data=EEDATA \
  -DEEDATA=2 -DCODE=2 -DSTRCODE=2 -DSTRING=2 -DCONST=2 -DENTRY=2 -k \
  startup.obj Simple LCD.obj 

Object code version is 3.10

Machine type is 16F877



                Name                               Link     Load   Length Selector   Space Scale
startup.obj     end_init                              0        0        3        0       0
Simple LCD.obj  text240                             475      475        9      8EA       0
                text239                             493      493       19      926       0
                text238                             4AC      4AC       28      958       0
                text237                             47E      47E       15      8FC       0
                text236                             503      503       38      A06       0
                text235                             4D4      4D4       2F      9A8       0
                text234                             604      604       F7      C08       0
                text233                             6FB      6FB      105      DF6       0
                maintext                            53B      53B       C9      A76       0
                cstackCOMMON                         70       70        D       70       1
                bssBANK0                             20       20        2       20       1
                cinit                               46F      46F        6      8DE       0

TOTAL           Name                               Link     Load   Length     Space
        CLASS   CONST          

        CLASS   CODE           
                end_init                              0        0        3         0
                text240                             475      475        9         0
                text239                             493      493       19         0
                text238                             4AC      4AC       28         0
                text237                             47E      47E       15         0
                text236                             503      503       38         0
                text235                             4D4      4D4       2F         0
                text234                             604      604       F7         0
                text233                             6FB      6FB      105         0
                maintext                            53B      53B       C9         0
                cinit                               46F      46F        6         0

        CLASS   STRCODE        

        CLASS   ENTRY          

        CLASS   STRING         

        CLASS   BANK0          
                bssBANK0                             20       20        2         1

        CLASS   BANK1          

        CLASS   BANK2          

        CLASS   BANK3          

        CLASS   RAM            

        CLASS   ABS1           
                abs_s1                               7E       7E        2         1

        CLASS   COMMON         
                cstackCOMMON                         70       70        D         1

        CLASS   SFR0           

        CLASS   SFR1           

        CLASS   SFR2           

        CLASS   SFR3           

        CLASS   CONFIG         

        CLASS   IDLOC          

        CLASS   EEDATA         



SEGMENTS        Name                           Load    Length   Top    Selector   Space  Class     Delta

                reset_vec                      000000  000003  000003         0       0  CODE        2
                bssBANK0                       000020  000002  000022        20       1  BANK0       1
                cstackCOMMON                   000070  00000D  00007D        70       1  COMMON      1
                cinit                          00046F  000006  000475       8DE       0  CODE        2
                text240                        000475  000009  00047E       8EA       0  CODE        2
                text237                        00047E  000015  000493       8FC       0  CODE        2
                text239                        000493  000019  0004AC       926       0  CODE        2
                text238                        0004AC  000028  0004D4       958       0  CODE        2
                text235                        0004D4  00002F  000503       9A8       0  CODE        2
                text236                        000503  000038  00053B       A06       0  CODE        2
                maintext                       00053B  0000C9  000604       A76       0  CODE        2
                text234                        000604  0000F7  0006FB       C08       0  CODE        2
                text233                        0006FB  000105  000800       DF6       0  CODE        2


UNUSED ADDRESS RANGES

        Name                Unused          Largest block    Delta
        BANK0            0022-006F             4E           1
        BANK1            00A0-00EF             50           1
        BANK2            0110-016F             60           1
        BANK3            0190-01EF             60           1
        CODE             0003-046E            46C           2
                         0800-1FFF            800
        COMMON           007D-007D              1           1
        CONFIG           2007-2007              1           2
        CONST            0003-046E            100           2
                         0800-1FFF            100
        EEDATA           2100-21FF            100           2
        ENTRY            0003-046E            100           2
                         0800-1FFF            100
        IDLOC            2000-2003              4           2
        RAM              0022-006F             4E           1
                         00A0-00EF             50
                         0110-016F             60
                         0190-01EF             60
        SFR0             0000-001F             20           1
        SFR1             0080-009F             20           1
        SFR2             0100-010F             10           1
        SFR3             0180-018F             10           1
        STRCODE          0003-046E            46C           2
                         0800-1FFF           1800
        STRING           0003-046E            100           2
                         0800-1FFF            100

                                  Symbol Table

??_ADC_Init                   cstackCOMMON 0070
??_ADC_Read                   cstackCOMMON 0072
??_Clear_display              cstackCOMMON 0070
??_Init_lcd                   cstackCOMMON 0072
??_Sound                      cstackCOMMON 0070
??_Write_data                 cstackCOMMON 0071
??_Write_digits               cstackCOMMON 0076
??_Write_voltage              cstackCOMMON 0079
??_main                       cstackCOMMON 007A
?_ADC_Init                    cstackCOMMON 0070
?_ADC_Read                    cstackCOMMON 0070
?_Clear_display               cstackCOMMON 0070
?_Init_lcd                    cstackCOMMON 0070
?_Sound                       cstackCOMMON 0070
?_Write_data                  cstackCOMMON 0070
?_Write_digits                cstackCOMMON 0074
?_Write_voltage               cstackCOMMON 0077
?_main                        cstackCOMMON 0070
ADC_Read@channel              cstackCOMMON 0074
Sound@i                       cstackCOMMON 0072
Write_data@hb                 cstackCOMMON 0073
Write_data@lb                 cstackCOMMON 0070
Write_digits@adc_measurement  cstackCOMMON 0074
Write_voltage@adc_measurement cstackCOMMON 0077
_ADCON0                       (abs)        001F
_ADCON1                       (abs)        009F
_ADC_Init                     text240      0475
_ADC_Read                     text236      0503
_ADRESH                       (abs)        001E
_ADRESL                       (abs)        009E
_CARRY                        (abs)        0018
_Clear_display                text237      047E
_EEADR                        (abs)        010D
_EECON1                       (abs)        018C
_EECON2                       (abs)        018D
_EEDATA                       (abs)        010C
_GIE                          (abs)        005F
_GO_nDONE                     (abs)        00FA
_Init_lcd                     text235      04D4
_PORTA                        (abs)        0005
_PORTB                        (abs)        0006
_PORTC                        (abs)        0007
_PORTD                        (abs)        0008
_RA4                          (abs)        002C
_RB0                          (abs)        0030
_RC2                          (abs)        003A
_RD                           (abs)        0C60
_Sound                        text238      04AC
_TRISA                        (abs)        0085
_TRISB                        (abs)        0086
_TRISC                        (abs)        0087
_TRISD                        (abs)        0088
_WR                           (abs)        0C61
_WREN                         (abs)        0C62
_Write_data                   text239      0493
_Write_digits                 text234      0604
_Write_voltage                text233      06FB
__Habs1                       abs1         0000
__Hbank0                      bank0        0000
__Hbank1                      bank1        0000
__Hbank2                      bank2        0000
__Hbank3                      bank3        0000
__HbssBANK0                   bssBANK0     0000
__Hcinit                      cinit        0000
__Hclrtext                    clrtext      0000
__Hcode                       code         0000
__Hcommon                     common       0000
__Hconfig                     config       0000
__HcstackCOMMON               cstackCOMMON 0000
__Heeprom_data                eeprom_data  0000
__Hend_init                   end_init     0003
__Hfunctab                    functab      0000
__Hidloc                      idloc        0000
__Hinit                       init         0000
__Hintentry                   intentry     0000
__Hmaintext                   maintext     0000
__Hpowerup                    powerup      0000
__Hram                        ram          0000
__Hreset_vec                  reset_vec    0000
__Hsfr0                       sfr0         0000
__Hsfr1                       sfr1         0000
__Hsfr2                       sfr2         0000
__Hsfr3                       sfr3         0000
__Hstrings                    strings      0000
__Htext                       text         0000
__Labs1                       abs1         0000
__Lbank0                      bank0        0000
__Lbank1                      bank1        0000
__Lbank2                      bank2        0000
__Lbank3                      bank3        0000
__LbssBANK0                   bssBANK0     0000
__Lcinit                      cinit        0000
__Lclrtext                    clrtext      0000
__Lcode                       code         0000
__Lcommon                     common       0000
__Lconfig                     config       0000
__LcstackCOMMON               cstackCOMMON 0000
__Leeprom_data                eeprom_data  0000
__Lend_init                   end_init     0000
__Lfunctab                    functab      0000
__Lidloc                      idloc        0000
__Linit                       init         0000
__Lintentry                   intentry     0000
__Lmaintext                   maintext     0000
__Lpowerup                    powerup      0000
__Lram                        ram          0000
__Lreset_vec                  reset_vec    0000
__Lsfr0                       sfr0         0000
__Lsfr1                       sfr1         0000
__Lsfr2                       sfr2         0000
__Lsfr3                       sfr3         0000
__Lstrings                    strings      0000
__Ltext                       text         0000
__S0                          (abs)        0800
__S1                          (abs)        007D
__S2                          (abs)        0000
__end_of_ADC_Init             text240      047E
__end_of_ADC_Read             text236      053B
__end_of_Clear_display        text237      0493
__end_of_Init_lcd             text235      0503
__end_of_Sound                text238      04D4
__end_of_Write_data           text239      04AC
__end_of_Write_digits         text234      06FB
__end_of_Write_voltage        text233      0800
__end_of_main                 maintext     0604
__pbssBANK0                   bssBANK0     0020
__pcstackCOMMON               cstackCOMMON 0070
__pmaintext                   maintext     053B
__ptext232                    text232      0000
__ptext233                    text233      06FB
__ptext234                    text234      0604
__ptext235                    text235      04D4
__ptext236                    text236      0503
__ptext237                    text237      047E
__ptext238                    text238      04AC
__ptext239                    text239      0493
__ptext240                    text240      0475
__ptext241                    text241      0000
__size_of_ADC_Init            (abs)        0000
__size_of_ADC_Read            (abs)        0000
__size_of_Clear_display       (abs)        0000
__size_of_Init_lcd            (abs)        0000
__size_of_Sound               (abs)        0000
__size_of_Write_data          (abs)        0000
__size_of_Write_digits        (abs)        0000
__size_of_Write_voltage       (abs)        0000
__size_of_main                (abs)        0000
_a                            bssBANK0     0020
_exit                         init         0000
_main                         maintext     053B
btemp                         (abs)        007E
end_of_initialization         cinit        0471
intlevel0                     functab      0000
intlevel1                     functab      0000
intlevel2                     functab      0000
intlevel3                     functab      0000
intlevel4                     functab      0000
intlevel5                     functab      0000
main@charWritten              cstackCOMMON 007B
reset_vec                     reset_vec    0000
start                         init         0000
start_initialization          cinit        046F
wtemp0                        (abs)        007E
